2019-05-06 00:09:27,401 - root - WARNING - logger warning message
2019-05-06 00:09:27,402 - root - ERROR - logger error message
2019-05-06 00:09:27,402 - root - CRITICAL - logger critical message
2019-05-06 00:14:11,541 - root - WARNING - logger warning message
2019-05-06 00:14:11,541 - root - ERROR - logger error message
2019-05-06 00:14:11,542 - root - CRITICAL - logger critical message
2019-05-06 00:14:14,650 - root - WARNING - logger warning message
2019-05-06 00:14:14,650 - root - ERROR - logger error message
2019-05-06 00:14:14,650 - root - CRITICAL - logger critical message
2019-05-06 00:14:15,648 - root - WARNING - logger warning message
2019-05-06 00:14:15,648 - root - ERROR - logger error message
2019-05-06 00:14:15,648 - root - CRITICAL - logger critical message
2019-05-06 00:16:37,850 - root - WARNING - logger warning message
2019-05-06 00:16:37,851 - root - ERROR - logger error message
2019-05-06 00:16:37,851 - root - CRITICAL - logger critical message
2019-05-06 00:16:38,867 - root - WARNING - logger warning message
2019-05-06 00:16:38,867 - root - ERROR - logger error message
2019-05-06 00:16:38,867 - root - CRITICAL - logger critical message
2019-05-06 00:16:39,907 - root - WARNING - logger warning message
2019-05-06 00:16:39,907 - root - ERROR - logger error message
2019-05-06 00:16:39,907 - root - CRITICAL - logger critical message
2019-05-06 00:16:42,416 - root - WARNING - logger warning message
2019-05-06 00:16:42,416 - root - ERROR - logger error message
2019-05-06 00:16:42,416 - root - CRITICAL - logger critical message
2019-05-06 00:19:59,818 - root - WARNING - logger warning message
2019-05-06 00:19:59,819 - root - ERROR - logger error message
2019-05-06 00:19:59,819 - root - CRITICAL - logger critical message
2019-05-06 00:21:22,694 - root - WARNING - logger warning message
2019-05-06 00:21:22,695 - root - ERROR - logger error message
2019-05-06 00:21:23,364 - root - CRITICAL - logger critical message
2019-05-06 00:25:26,932 - root - WARNING - logger warning message
2019-05-06 00:25:26,941 - root - ERROR - logger error message
2019-05-06 00:25:26,941 - root - CRITICAL - logger critical message
2019-05-06 00:25:31,038 - root - WARNING - logger warning message
2019-05-06 00:25:31,038 - root - ERROR - logger error message
2019-05-06 00:25:31,038 - root - CRITICAL - logger critical message
2019-05-06 00:34:11,109 - root - WARNING - logger warning message
2019-05-06 00:34:11,109 - root - ERROR - logger error message
2019-05-06 00:34:11,109 - root - CRITICAL - logger critical message
2019-05-06 00:36:33,898 - root - WARNING - logger warning message
2019-05-06 00:36:33,899 - root - ERROR - logger error message
2019-05-06 00:36:33,899 - root - CRITICAL - logger critical message
2019-05-06 00:44:16,448 - root - WARNING - logger warning message
2019-05-06 00:44:16,448 - root - ERROR - logger error message
2019-05-06 00:44:16,448 - root - CRITICAL - logger critical message
2019-05-06 00:44:16,448 - mylogger - INFO - logger1 info message
2019-05-06 00:44:16,448 - mylogger - INFO - logger1 info message
2019-05-06 00:44:16,449 - mylogger - WARNING - logger1 warning message
2019-05-06 00:44:16,449 - mylogger - WARNING - logger1 warning message
2019-05-06 00:44:16,449 - mylogger - ERROR - logger1 error message
2019-05-06 00:44:16,449 - mylogger - ERROR - logger1 error message
2019-05-06 00:44:16,449 - mylogger - CRITICAL - logger1 critical message
2019-05-06 00:44:16,449 - mylogger - CRITICAL - logger1 critical message
2019-05-06 00:44:16,450 - mylogger - INFO - logger2 info message
2019-05-06 00:44:16,450 - mylogger - INFO - logger2 info message
2019-05-06 00:44:16,450 - mylogger - WARNING - logger2 warning message
2019-05-06 00:44:16,450 - mylogger - WARNING - logger2 warning message
2019-05-06 00:44:16,450 - mylogger - ERROR - logger2 error message
2019-05-06 00:44:16,450 - mylogger - ERROR - logger2 error message
2019-05-06 00:44:16,450 - mylogger - CRITICAL - logger2 critical message
2019-05-06 00:44:16,450 - mylogger - CRITICAL - logger2 critical message
2019-05-06 00:49:09,503 - mylogger - INFO - logger1 info message
2019-05-06 00:49:09,504 - mylogger - WARNING - logger1 warning message
2019-05-06 00:49:09,504 - mylogger - ERROR - logger1 error message
2019-05-06 00:49:09,504 - mylogger - CRITICAL - logger1 critical message
2019-05-06 00:49:09,504 - mylogger - INFO - logger2 info message
2019-05-06 00:49:09,504 - mylogger - WARNING - logger2 warning message
2019-05-06 00:49:09,504 - mylogger - ERROR - logger2 error message
2019-05-06 00:49:09,504 - mylogger - CRITICAL - logger2 critical message
